[21:29:49] Loaded 300 tickers from scripts/screener_batch_current.json
[21:29:49] Scraping 300 tickers with 2 workers...
[21:29:53] [1/300] (0%) FAIL AAATECH  No financial tables found
[21:29:53] [2/300] (1%) FAIL AARNAV  No financial tables found
[21:29:59] [3/300] (1%) FAIL ABINFRA  No financial tables found
[21:29:59] [4/300] (1%) FAIL AARON  No financial tables found
[21:30:04] [5/300] (2%) FAIL AHCL  No financial tables found
[21:30:04] [6/300] (2%) FAIL ACL  No financial tables found
[21:30:09] [7/300] (2%) FAIL AHLADA  No financial tables found
[21:30:09] [8/300] (3%) FAIL AJAXENGG  No financial tables found
[21:30:15] [9/300] (3%) FAIL AKSHAR  No financial tables found
[21:30:15] [10/300] (3%) FAIL AJOONI  No financial tables found
[21:30:20] [11/300] (4%) FAIL ALBERTDAVD  No financial tables found
[21:30:20] [12/300] (4%) FAIL ALKALI  No financial tables found
[21:30:27] [13/300] (4%) FAIL AMBIKCO  No financial tables found
[21:30:27] [14/300] (5%) FAIL AMANTA  No financial tables found
[21:30:32] [15/300] (5%) FAIL ANMOL  No financial tables found
[21:30:32] [16/300] (5%) FAIL ANDHRAPAP  No financial tables found
[21:30:38] [17/300] (6%) FAIL ANTELOPUS  No financial tables found
[21:30:38] [18/300] (6%) FAIL ANTGRAPHIC  No financial tables found
[21:30:44] [19/300] (6%) FAIL ANUHPHR  No financial tables found
[21:30:44] [20/300] (7%) FAIL APEX  No financial tables found
[21:30:49] [21/300] (7%) FAIL AROGRANITE  No financial tables found
[21:30:49] [22/300] (7%) FAIL ARVEE  No financial tables found
[21:30:54] [23/300] (8%) FAIL ASAL  No financial tables found
[21:30:54] [24/300] (8%) FAIL ASTRAZEN  No financial tables found
[21:31:00] [25/300] (8%) FAIL ATAM  No financial tables found
[21:31:00] [26/300] (9%) FAIL AURIGROW  No financial tables found
[21:31:05] [27/300] (9%) FAIL AYE  No financial tables found
[21:31:05] [28/300] (9%) FAIL AUTOAXLES  No financial tables found
[21:31:11] [29/300] (10%) FAIL BAIDFIN  No financial tables found
[21:31:12] [30/300] (10%) FAIL BAJAJHCARE  No financial tables found
[21:31:16] [31/300] (10%) FAIL BANARBEADS  No financial tables found
[21:31:17] [32/300] (11%) FAIL BANARISUG  No financial tables found
[21:31:22] [33/300] (11%) FAIL BBL  No financial tables found
[21:31:23] [34/300] (11%) FAIL BELLACASA  No financial tables found
[21:31:27] [35/300] (12%) FAIL BHARATCOAL  No financial tables found
[21:31:28] [36/300] (12%) FAIL BHARATGEAR  No financial tables found
[21:31:33] [37/300] (12%) FAIL BHARATSE  No financial tables found
[21:31:34] [38/300] (13%) FAIL BIOFILCHEM  No financial tables found
[21:31:39] [39/300] (13%) FAIL BLAL  No financial tables found
[21:31:39] [40/300] (13%) FAIL BLUECHIP  No financial tables found
[21:31:45] [41/300] (14%) FAIL BMWVENTLTD  No financial tables found
[21:31:45] [42/300] (14%) FAIL BORANA  No financial tables found
[21:31:50] [43/300] (14%) FAIL BOSCH-HCIL  No financial tables found
[21:31:50] [44/300] (15%) FAIL BSHSL  No financial tables found
[21:31:56] [45/300] (15%) FAIL BSL  No financial tables found
[21:31:56] [46/300] (15%) FAIL BUTTERFLY  No financial tables found
[21:32:01] [47/300] (16%) FAIL CAPITALSFB  No financial tables found
[21:32:02] [48/300] (16%) FAIL CANTABIL  No financial tables found
[21:32:07] [49/300] (16%) FAIL CELEBRITY  No financial tables found
[21:32:07] [50/300] (17%) FAIL CENTEXT  No financial tables found
[21:32:12] [51/300] (17%) FAIL CHEMCON  No financial tables found
[21:32:13] [52/300] (17%) FAIL CLSEL  No financial tables found
[21:32:17] [53/300] (18%) FAIL CMPDI  No financial tables found
[21:32:18] [54/300] (18%) FAIL COCKERILL  No financial tables found
[21:32:22] [55/300] (18%) FAIL CORALFINAC  No financial tables found
[21:32:23] [56/300] (19%) FAIL CORDSCABLE  No financial tables found
[21:32:28] [57/300] (19%) FAIL COUNCODOS  No financial tables found
[21:32:28] [58/300] (19%) FAIL CREATIVEYE  No financial tables found
[21:32:33] [59/300] (20%) FAIL CROWN  No financial tables found
[21:32:34] [60/300] (20%) FAIL CSLFINANCE  No financial tables found
[21:32:40] [61/300] (20%) FAIL CUBEXTUB  No financial tables found
[21:32:40] [62/300] (21%) FAIL DAMODARIND  No financial tables found
[21:32:46] [63/300] (21%) FAIL DBEIL  No financial tables found
[21:32:46] [64/300] (21%) FAIL DAVANGERE  No financial tables found
[21:32:51] [65/300] (22%) FAIL DENORA  No financial tables found
[21:32:51] [66/300] (22%) FAIL DDEVPLSTIK  No financial tables found
[21:32:57] [67/300] (22%) FAIL DIGJAMLMTD  No financial tables found
[21:32:57] [68/300] (23%) FAIL DHANBANK  No financial tables found
[21:33:02] [69/300] (23%) FAIL DIVGIITTS  No financial tables found
[21:33:03] [70/300] (23%) FAIL DNAMEDIA  No financial tables found
[21:33:08] [71/300] (24%) FAIL DPWIRES  No financial tables found
[21:33:08] [72/300] (24%) FAIL DRAGARWQ  No financial tables found
[21:33:14] [73/300] (24%) FAIL DREDGECORP  No financial tables found
[21:33:14] [74/300] (25%) FAIL DWARKESH  No financial tables found
[21:33:19] [75/300] (25%) FAIL DYCL  No financial tables found
[21:33:19] [76/300] (25%) FAIL EIFFL  No financial tables found
[21:33:25] [77/300] (26%) FAIL ELANTAS  No financial tables found
[21:33:25] [78/300] (26%) FAIL ELLEN  No financial tables found
[21:33:31] [79/300] (26%) FAIL ESAFSFB  No financial tables found
[21:33:31] [80/300] (27%) FAIL EMAMIPAP  No financial tables found
[21:33:37] [81/300] (27%) FAIL EUROTEXIND  No financial tables found
[21:33:37] [82/300] (27%) FAIL FAIRCHEMOR  No financial tables found
[21:33:42] [83/300] (28%) FAIL FINOPB  No financial tables found
[21:33:43] [84/300] (28%) FAIL FRONTSP  No financial tables found
[21:33:47] [85/300] (28%) FAIL FUSION  No financial tables found
[21:33:48] [86/300] (29%) FAIL GANDHITUBE  No financial tables found
[21:33:52] [87/300] (29%) FAIL GANESHCP  No financial tables found
[21:33:53] [88/300] (29%) FAIL GANGAFORGE  No financial tables found
[21:33:58] [89/300] (30%) FAIL GHCLTEXTIL  No financial tables found
[21:33:59] [90/300] (30%) FAIL GEEKAYWIRE  No financial tables found
[21:34:03] [91/300] (30%) FAIL GINNIFILA  No financial tables found
[21:34:04] [92/300] (31%) FAIL GLOBALVECT  No financial tables found
[21:34:10] [93/300] (31%) FAIL GLOTTIS  No financial tables found
[21:34:10] [94/300] (31%) FAIL GOODYEAR  No financial tables found
[21:34:16] [95/300] (32%) FAIL GOPAL  No financial tables found
[21:34:16] [96/300] (32%) OK GRAVISSHO  12y 16f
[21:34:21] [97/300] (32%) OK GREENLAM  12y 9f
[21:34:21] [98/300] (33%) OK GREENPANEL  7y 21f
[21:34:27] [99/300] (33%) OK GREENPLY  12y 21f
[21:34:27] [100/300] (33%) OK GREENPOWER  12y 21f
[21:34:32] [101/300] (34%) OK GRINDWELL  12y 21f
[21:34:32] [102/300] (34%) OK GRINFRA  12y 21f
[21:34:38] [103/300] (34%) FAIL GROBTEA  No financial tables found
[21:34:38] [104/300] (35%) OK GRMOVER  10y 9f
[21:34:43] [105/300] (35%) OK GSLSU  6y 9f
[21:34:43] [106/300] (35%) OK GRPLTD  12y 9f
[21:34:50] [107/300] (36%) OK GSPCROP  6y 21f
[21:34:50] [108/300] (36%) OK GTECJAINX  9y 9f
[21:34:56] [109/300] (36%) OK GTLINFRA  5y 21f
[21:34:56] [110/300] (37%) OK GTPL  12y 21f
[21:35:01] [111/300] (37%) OK GUFICBIO  2y 9f
[21:35:02] [112/300] (37%) OK GUJALKALI  10y 9f
[21:35:07] [113/300] (38%) FAIL GUJRAFFIA  No financial tables found
[21:35:07] [114/300] (38%) OK GUJAPOLLO  12y 9f
[21:35:12] [115/300] (38%) FAIL GUJTHEM  No financial tables found
[21:35:12] [116/300] (39%) OK GULFOILLUB  4y 9f
[21:35:17] [117/300] (39%) FAIL GULFPETRO  No financial tables found
[21:35:17] [118/300] (39%) OK GULPOLY  4y 9f
[21:35:23] [119/300] (40%) OK GVPTECH  7y 21f
[21:35:23] [120/300] (40%) OK HALDER  12y 9f
[21:35:28] [121/300] (40%) OK HALEOSLABS  7y 9f
[21:35:29] [122/300] (41%) OK HALDYNGL  10y 9f
[21:35:34] [123/300] (41%) OK HAPPYFORGE  5y 9f
[21:35:34] [124/300] (41%) OK HARDWYN  3y 9f
[21:35:39] [125/300] (42%) OK HARIOMPIPE  2y 9f
[21:35:40] [126/300] (42%) OK HARRMALAYA  12y 9f
[21:35:46] [127/300] (42%) OK HARSHA  7y 21f
[21:35:46] [128/300] (43%) OK HATHWAY  12y 21f
[21:35:52] [129/300] (43%) FAIL HAWKINCOOK  No financial tables found
[21:35:52] [130/300] (43%) OK HATSUN  4y 9f
[21:35:58] [131/300] (44%) OK HBESD  10y 9f
[21:35:58] [132/300] (44%) OK HCL-INSYS  12y 9f
[21:36:04] [133/300] (44%) OK HEADSUP  1y 10f
[21:36:04] [134/300] (45%) OK HEALTHX  12y 9f
[21:36:09] [135/300] (45%) FAIL HECPROJECT  No financial tables found
[21:36:10] [136/300] (45%) FAIL HEIDELBERG  No financial tables found
[21:36:14] [137/300] (46%) OK HERANBA  3y 9f
[21:36:15] [138/300] (46%) OK HESTERBIO  12y 9f
[21:36:21] [139/300] (46%) OK HEXATRADEX  12y 21f
[21:36:22] [140/300] (47%) OK HGM  12y 9f
[21:36:28] [141/300] (47%) OK HGS  12y 9f
[21:36:28] [142/300] (47%) OK HIKAL  12y 9f
[21:36:33] [143/300] (48%) FAIL HILTON  No financial tables found
[21:36:34] [144/300] (48%) OK HIMATSEIDE  12y 9f
[21:36:39] [145/300] (48%) OK HINDCOMPOS  11y 21f
[21:36:39] [146/300] (49%) OK HINDOILEXP  12y 9f
[21:36:45] [147/300] (49%) OK HINDWAREAP  7y 9f
[21:36:46] [148/300] (49%) OK HIRECT  2y 9f
[21:36:50] [149/300] (50%) FAIL HISARMETAL  No financial tables found
[21:36:52] [150/300] (50%) OK HITECH  10y 9f
[21:36:56] [151/300] (50%) OK HITECHCORP  10y 9f
[21:36:58] [152/300] (51%) OK HLEGLAS  7y 9f
[21:37:02] [153/300] (51%) OK HLVLTD  12y 21f
[21:37:03] [154/300] (51%) OK HMAAGRO  7y 9f
[21:37:08] [155/300] (52%) OK HMVL  10y 9f
[21:37:08] [156/300] (52%) OK HNDFDS  7y 9f
[21:37:13] [157/300] (52%) FAIL HONDAPOWER  No financial tables found
[21:37:14] [158/300] (53%) OK HPAL  3y 21f
[21:37:19] [159/300] (53%) OK HPIL  3y 21f
[21:37:20] [160/300] (53%) OK HPL  12y 9f
[21:37:24] [161/300] (54%) OK HTMEDIA  12y 9f
[21:37:25] [162/300] (54%) OK HUBTOWN  12y 9f
[21:37:31] [163/300] (54%) OK HYBRIDFIN  12y 9f
[21:37:31] [164/300] (55%) OK HUHTAMAKI  5y 6f
[21:37:37] [165/300] (55%) OK IBULLSLTD  12y 21f
[21:37:37] [166/300] (55%) OK ICEMAKE  9y 9f
[21:37:43] [167/300] (56%) OK ICRA  12y 9f
[21:37:44] [168/300] (56%) OK IDEAFORGE  7y 21f
[21:37:49] [169/300] (56%) OK IFBAGRO  8y 9f
[21:37:49] [170/300] (57%) OK IFGLEXPOR  9y 9f
[21:37:55] [171/300] (57%) OK IGARASHI  1y 20f
[21:37:55] [172/300] (57%) OK IGCL  5y 9f
[21:38:01] [173/300] (58%) OK IITL  12y 9f
[21:38:01] [174/300] (58%) OK IGPL  10y 9f
[21:38:07] [175/300] (58%) OK IMAGICAA  11y 9f
[21:38:07] [176/300] (59%) OK IKIO  7y 21f
[21:38:13] [177/300] (59%) OK IMPAL  9y 9f
[21:38:15] [178/300] (59%) OK INA  4y 21f
[21:38:18] [179/300] (60%) FAIL INCREDIBLE  No financial tables found
[21:38:21] [180/300] (60%) FAIL INDBANK  No financial tables found
[21:38:23] [181/300] (60%) OK INDIANCARD  12y 9f
[21:38:27] [182/300] (61%) FAIL INDIANHUME  No financial tables found
[21:38:29] [183/300] (61%) FAIL INDIQUBE  No financial tables found
[21:38:32] [184/300] (61%) OK INDNIPPON  12y 9f
[21:38:35] [185/300] (62%) OK INDOAMIN  12y 9f
[21:38:38] [186/300] (62%) OK INDOBORAX  12y 9f
[21:38:41] [187/300] (62%) OK INDOCO  12y 21f
[21:38:43] [188/300] (63%) OK INDOFARM  6y 9f
[21:38:49] [189/300] (63%) OK INDORAMA  11y 9f
[21:38:51] [190/300] (63%) OK INDOSTAR  12y 7f
[21:38:55] [191/300] (64%) FAIL INDOTECH  No financial tables found
[21:38:57] [192/300] (64%) OK INDOTHAI  12y 21f
[21:39:03] [193/300] (64%) OK INDOUS  3y 21f
[21:39:03] [194/300] (65%) OK INDPRUD  12y 9f
[21:39:09] [195/300] (65%) FAIL INDRAMEDCO  No financial tables found
[21:39:09] [196/300] (65%) OK INDSWFTLAB  12y 9f
[21:39:15] [197/300] (66%) FAIL INDTERRAIN  No financial tables found
[21:39:15] [198/300] (66%) OK INFOBEAN  12y 21f
[21:39:21] [199/300] (66%) OK INFOMEDIA  6y 21f
[21:39:22] [200/300] (67%) FAIL INGERRAND  No financial tables found
[21:39:28] [201/300] (67%) OK INNOVACAP  8y 21f
[21:39:28] [202/300] (67%) OK INNOVANA  9y 9f
[21:39:34] [203/300] (68%) OK INNOVISION  4y 21f
[21:39:35] [204/300] (68%) OK INSECTICID  12y 9f
[21:39:40] [205/300] (68%) OK INTENTECH  11y 9f
[21:39:42] [206/300] (69%) FAIL INTERARCH  No financial tables found
[21:39:46] [207/300] (69%) OK INTLCONV  12y 9f
[21:39:48] [208/300] (69%) OK INVENTURE  12y 21f
[21:39:52] [209/300] (70%) OK INVPRECQ  12y 9f
[21:39:54] [210/300] (70%) OK IOLCP  4y 9f
[21:39:59] [211/300] (70%) OK IPL  5y 9f
[21:40:00] [212/300] (71%) OK IRIS  12y 9f
[21:40:04] [213/300] (71%) FAIL IRISDOREME  No financial tables found
[21:40:07] [214/300] (71%) OK IRMENERGY  8y 21f
[21:40:11] [215/300] (72%) OK ISFT  12y 9f
[21:40:12] [216/300] (72%) OK ISGEC  12y 9f
[21:40:16] [217/300] (72%) FAIL ISHANCH  No financial tables found
[21:40:19] [218/300] (73%) OK ITDC  12y 9f
[21:40:21] [219/300] (73%) OK IVALUE  5y 9f
[21:40:26] [220/300] (73%) OK IVC  12y 21f
[21:40:28] [221/300] (74%) FAIL IVP  No financial tables found
[21:40:31] [222/300] (74%) OK IWP  10y 9f
[21:40:35] [223/300] (74%) OK JAGRAN  12y 9f
[21:40:37] [224/300] (75%) FAIL JAGSNPHARM  No financial tables found
[21:40:42] [225/300] (75%) OK JAICORPLTD  12y 9f
[21:40:43] [226/300] (75%) OK JAIPURKURT  9y 9f
[21:40:47] [227/300] (76%) OK JARO  3y 21f
[21:40:49] [228/300] (76%) OK JASH  12y 9f
[21:40:53] [229/300] (76%) OK JAYAGROGN  12y 9f
[21:40:54] [230/300] (77%) OK JAYBARMARU  7y 9f
[21:40:59] [231/300] (77%) OK JAYKAY  10y 9f
[21:41:00] [232/300] (77%) OK JAYSREETEA  12y 9f
[21:41:04] [233/300] (78%) OK JETFREIGHT  9y 21f
[21:41:05] [234/300] (78%) OK JGCHEM  6y 9f
[21:41:10] [235/300] (78%) OK JINDALPHOT  12y 9f
[21:41:11] [236/300] (79%) OK JINDALPOLY  12y 9f
[21:41:15] [237/300] (79%) OK JINDRILL  11y 9f
[21:41:16] [238/300] (79%) OK JINDWORLD  12y 9f
[21:41:22] [239/300] (80%) FAIL JISLDVREQS  No financial tables found
[21:41:23] [240/300] (80%) OK JISLJALEQS  12y 9f
[21:41:29] [241/300] (80%) OK JKIL  5y 9f
[21:41:29] [242/300] (81%) OK JMA  11y 9f
[21:41:36] [243/300] (81%) OK JNKINDIA  5y 9f
[21:41:36] [244/300] (81%) FAIL JOCIL  No financial tables found
[21:41:42] [245/300] (82%) OK JSWHL  9y 9f
[21:41:42] [246/300] (82%) OK JPOLYINVST  12y 9f
[21:41:48] [247/300] (82%) OK JTEKTINDIA  12y 9f
[21:41:48] [248/300] (83%) OK JTLIND  6y 21f
[21:41:54] [249/300] (83%) OK JUBLCPL  2y 9f
[21:41:54] [250/300] (83%) OK JUNIPER  6y 9f
[21:41:59] [251/300] (84%) OK JYOTISTRUC  12y 21f
[21:42:00] [252/300] (84%) OK KABRAEXTRU  10y 9f
[21:42:05] [253/300] (84%) OK KALAMANDIR  3y 10f
[21:42:06] [254/300] (85%) OK KALPATARU  7y 21f
[21:42:10] [255/300] (85%) FAIL KALYANIFRG  No financial tables found
[21:42:12] [256/300] (85%) OK KAMAHOLD  12y 9f
[21:42:16] [257/300] (86%) OK KAMATHOTEL  12y 21f
[21:42:17] [258/300] (86%) OK KAMDHENU  3y 21f
[21:42:21] [259/300] (86%) OK KANANIIND  12y 9f
[21:42:23] [260/300] (87%) OK KANORICHEM  12y 9f
[21:42:27] [261/300] (87%) OK KANPRPLA  7y 21f
[21:42:29] [262/300] (87%) OK KAPSTON  2y 9f
[21:42:35] [263/300] (88%) OK KARMAENG  12y 21f
[21:42:36] [264/300] (88%) OK KAUSHALYA  12y 9f
[21:42:42] [265/300] (88%) OK KAYA  11y 9f
[21:42:42] [266/300] (89%) OK KCP  12y 9f
[21:42:48] [267/300] (89%) OK KCPSUGIND  12y 9f
[21:42:48] [268/300] (89%) OK KDDL  12y 9f
[21:42:55] [269/300] (90%) FAIL KEEPLEARN  No financial tables found
[21:42:55] [270/300] (90%) OK KELLTONTEC  12y 9f
[21:43:00] [271/300] (90%) OK KENNAMET  4y 9f
[21:43:01] [272/300] (91%) OK KERNEX  12y 9f
[21:43:06] [273/300] (91%) OK KEYFINSERV  12y 9f
[21:43:07] [274/300] (91%) OK KESORAMIND  10y 9f
[21:43:12] [275/300] (92%) OK KHADIM  7y 9f
[21:43:12] [276/300] (92%) OK KHANDSE  10y 9f
[21:43:18] [277/300] (92%) OK KILITCH  12y 9f
[21:43:18] [278/300] (93%) OK KICL  10y 9f
[21:43:23] [279/300] (93%) FAIL KINGFA  No financial tables found
[21:43:23] [280/300] (93%) FAIL KIOCL  No financial tables found
[21:43:28] [281/300] (94%) OK KIRANVYPAR  12y 7f
[21:43:29] [282/300] (94%) OK KIRIINDUS  12y 9f
[21:43:34] [283/300] (94%) OK KIRLFER  5y 21f
[21:43:34] [284/300] (95%) OK KIRLOSIND  12y 9f
[21:43:39] [285/300] (95%) OK KISSHT  4y 21f
[21:43:39] [286/300] (95%) OK KKCL  12y 21f
[21:43:45] [287/300] (96%) OK KMEW  8y 9f
[21:43:46] [288/300] (96%) OK KLBRENG-B  2y 9f
[21:43:51] [289/300] (96%) OK KMSUGAR  11y 9f
[21:43:52] [290/300] (97%) OK KNAGRI  7y 21f
[21:43:57] [291/300] (97%) OK KOHINOOR  12y 9f
[21:43:58] [292/300] (97%) OK KOKUYOCMLN  11y 21f
[21:44:02] [293/300] (98%) OK KOLTEPATIL  12y 9f
[21:44:04] [294/300] (98%) OK KOPRAN  12y 9f
[21:44:09] [295/300] (98%) OK KOTARISUG  12y 21f
[21:44:10] [296/300] (99%) OK KOTHARIPET  4y 21f
[21:44:14] [297/300] (99%) OK KOTHARIPRO  12y 9f
[21:44:17] [298/300] (99%) OK KOTIC  7y 16f
[21:44:20] [299/300] (100%) OK KOTYARK  4y 21f
[21:44:22] [300/300] (100%) OK KOVAI  11y 21f
[21:44:26] Done. 176 OK, 124 FAIL, 0 skipped in 14.6min (0.3 tickers/min)
[21:44:26] FAILED tickers:
[21:44:26]  AAATECH: No financial tables found
[21:44:26]  AARNAV: No financial tables found
[21:44:26]  ABINFRA: No financial tables found
[21:44:26]  AARON: No financial tables found
[21:44:26]  AHCL: No financial tables found
[21:44:26]  ACL: No financial tables found
[21:44:26]  AHLADA: No financial tables found
[21:44:26]  AJAXENGG: No financial tables found
[21:44:26]  AKSHAR: No financial tables found
[21:44:26]  AJOONI: No financial tables found
[21:44:26]  ALBERTDAVD: No financial tables found
[21:44:26]  ALKALI: No financial tables found
[21:44:26]  AMBIKCO: No financial tables found
[21:44:26]  AMANTA: No financial tables found
[21:44:26]  ANMOL: No financial tables found
[21:44:26]  ANDHRAPAP: No financial tables found
[21:44:26]  ANTELOPUS: No financial tables found
[21:44:26]  ANTGRAPHIC: No financial tables found
[21:44:26]  ANUHPHR: No financial tables found
[21:44:26]  APEX: No financial tables found
[21:44:26]  AROGRANITE: No financial tables found
[21:44:26]  ARVEE: No financial tables found
[21:44:26]  ASAL: No financial tables found
[21:44:26]  ASTRAZEN: No financial tables found
[21:44:26]  ATAM: No financial tables found
[21:44:26]  AURIGROW: No financial tables found
[21:44:26]  AYE: No financial tables found
[21:44:26]  AUTOAXLES: No financial tables found
[21:44:26]  BAIDFIN: No financial tables found
[21:44:26]  BAJAJHCARE: No financial tables found
[21:44:26]  BANARBEADS: No financial tables found
[21:44:26]  BANARISUG: No financial tables found
[21:44:26]  BBL: No financial tables found
[21:44:26]  BELLACASA: No financial tables found
[21:44:26]  BHARATCOAL: No financial tables found
[21:44:26]  BHARATGEAR: No financial tables found
[21:44:26]  BHARATSE: No financial tables found
[21:44:26]  BIOFILCHEM: No financial tables found
[21:44:26]  BLAL: No financial tables found
[21:44:26]  BLUECHIP: No financial tables found
[21:44:26]  BMWVENTLTD: No financial tables found
[21:44:26]  BORANA: No financial tables found
[21:44:26]  BOSCH-HCIL: No financial tables found
[21:44:26]  BSHSL: No financial tables found
[21:44:26]  BSL: No financial tables found
[21:44:26]  BUTTERFLY: No financial tables found
[21:44:26]  CAPITALSFB: No financial tables found
[21:44:26]  CANTABIL: No financial tables found
[21:44:26]  CELEBRITY: No financial tables found
[21:44:26]  CENTEXT: No financial tables found
[21:44:26]  CHEMCON: No financial tables found
[21:44:26]  CLSEL: No financial tables found
[21:44:26]  CMPDI: No financial tables found
[21:44:26]  COCKERILL: No financial tables found
[21:44:26]  CORALFINAC: No financial tables found
[21:44:26]  CORDSCABLE: No financial tables found
[21:44:26]  COUNCODOS: No financial tables found
[21:44:26]  CREATIVEYE: No financial tables found
[21:44:26]  CROWN: No financial tables found
[21:44:26]  CSLFINANCE: No financial tables found
[21:44:26]  CUBEXTUB: No financial tables found
[21:44:26]  DAMODARIND: No financial tables found
[21:44:26]  DBEIL: No financial tables found
[21:44:26]  DAVANGERE: No financial tables found
[21:44:26]  DENORA: No financial tables found
[21:44:26]  DDEVPLSTIK: No financial tables found
[21:44:26]  DIGJAMLMTD: No financial tables found
[21:44:26]  DHANBANK: No financial tables found
[21:44:26]  DIVGIITTS: No financial tables found
[21:44:26]  DNAMEDIA: No financial tables found
[21:44:26]  DPWIRES: No financial tables found
[21:44:26]  DRAGARWQ: No financial tables found
[21:44:26]  DREDGECORP: No financial tables found
[21:44:26]  DWARKESH: No financial tables found
[21:44:26]  DYCL: No financial tables found
[21:44:26]  EIFFL: No financial tables found
[21:44:26]  ELANTAS: No financial tables found
[21:44:26]  ELLEN: No financial tables found
[21:44:26]  ESAFSFB: No financial tables found
[21:44:26]  EMAMIPAP: No financial tables found
[21:44:26]  EUROTEXIND: No financial tables found
[21:44:26]  FAIRCHEMOR: No financial tables found
[21:44:26]  FINOPB: No financial tables found
[21:44:26]  FRONTSP: No financial tables found
[21:44:26]  FUSION: No financial tables found
[21:44:26]  GANDHITUBE: No financial tables found
[21:44:26]  GANESHCP: No financial tables found
[21:44:26]  GANGAFORGE: No financial tables found
[21:44:26]  GHCLTEXTIL: No financial tables found
[21:44:26]  GEEKAYWIRE: No financial tables found
[21:44:26]  GINNIFILA: No financial tables found
[21:44:26]  GLOBALVECT: No financial tables found
[21:44:26]  GLOTTIS: No financial tables found
[21:44:26]  GOODYEAR: No financial tables found
[21:44:26]  GOPAL: No financial tables found
[21:44:26]  GROBTEA: No financial tables found
[21:44:26]  GUJRAFFIA: No financial tables found
[21:44:26]  GUJTHEM: No financial tables found
[21:44:26]  GULFPETRO: No financial tables found
[21:44:26]  HAWKINCOOK: No financial tables found
[21:44:26]  HECPROJECT: No financial tables found
[21:44:26]  HEIDELBERG: No financial tables found
[21:44:26]  HILTON: No financial tables found
[21:44:26]  HISARMETAL: No financial tables found
[21:44:26]  HONDAPOWER: No financial tables found
[21:44:26]  INCREDIBLE: No financial tables found
[21:44:26]  INDBANK: No financial tables found
[21:44:26]  INDIANHUME: No financial tables found
[21:44:26]  INDIQUBE: No financial tables found
[21:44:26]  INDOTECH: No financial tables found
[21:44:26]  INDRAMEDCO: No financial tables found
[21:44:26]  INDTERRAIN: No financial tables found
[21:44:26]  INGERRAND: No financial tables found
[21:44:26]  INTERARCH: No financial tables found
[21:44:26]  IRISDOREME: No financial tables found
[21:44:26]  ISHANCH: No financial tables found
[21:44:26]  IVP: No financial tables found
[21:44:26]  JAGSNPHARM: No financial tables found
[21:44:26]  JISLDVREQS: No financial tables found
[21:44:26]  JOCIL: No financial tables found
[21:44:26]  KALYANIFRG: No financial tables found
[21:44:26]  KEEPLEARN: No financial tables found
[21:44:26]  KINGFA: No financial tables found
[21:44:26]  KIOCL: No financial tables found
[21:44:26] Report saved: C:\Users\rajesh\WindsurfAPI\ITC-valuation-template\scripts\screener_scrape_report.json
